{
    "id": "acff679ae3c14260b56ef00f1d354553",
    "points": [
    ],
    "pressures": [
    ],
    "properties": [
        {
            "type": "StrokeStyle",
            "value": "Solid"
        },
        {
            "type": "Opacity",
            "value": 255
        },
        {
            "type": "StrokeColor",
            "value": "#000000"
        },
        {
            "type": "StrokeWidth",
            "value": 1
        }
    ],
    "simulatePressure": true,
    "transform": {
        "m11": 1,
        "m12": 0,
        "m13": 0,
        "m21": 0,
        "m22": 1,
        "m23": 0,
        "m31": 0,
        "m32": 0,
        "m33": 1
    },
    "type": "FREEFORM"
}
