{
    "html": "<!DOCTYPE HTML PUBLIC \"-//W3C//DTD HTML 4.0//EN\" \"http://www.w3.org/TR/REC-html40/strict.dtd\">\n<html><head><meta name=\"qrichtext\" content=\"1\" /><meta charset=\"utf-8\" /><style type=\"text/css\">\np, li { white-space: pre-wrap; }\nhr { height: 1px; border-width: 0; }\nli.unchecked::marker { content: \"\\2610\"; }\nli.checked::marker { content: \"\\2612\"; }\n</style></head><body style=\" font-family:'Fuzzy Bubbles'; font-size:18pt; font-weight:400; font-style:normal;\">\n<p style=\"-qt-paragraph-type:empty; margin-top:0px; margin-bottom:0px; margin-left:0px; margin-right:0px; -qt-block-indent:0; text-indent:0px; color:#ffffff;\"><br /></p></body></html>",
    "id": "acff679ae3c14260b56ef00f1d354883",
    "properties": [
        {
            "type": "FontFamily",
            "value": "Fuzzy Bubbles"
        },
        {
            "type": "FontSize",
            "value": 18
        },
        {
            "type": "FontStyle",
            "value": "Normal"
        },
        {
            "type": "Opacity",
            "value": 255
        },
        {
            "type": "StrokeColor",
            "value": "#ffffff"
        },
        {
            "type": "TextAlignment",
            "value": "AlignLeft"
        },
        {
            "type": "ListStyle",
            "value": "None"
        }
    ],
    "text": "",
    "top_left": {
        "x": 0,
        "y": 0
    },
    "transform": {
        "m11": 1,
        "m12": 0,
        "m13": 0,
        "m21": 0,
        "m22": 1,
        "m23": 0,
        "m31": 0,
        "m32": 0,
        "m33": 1
    },
    "type": "TEXT",
    "wrap_width": -1
}
