{
    "end": {
        "x": 8,
        "y": 7.5
    },
    "id": "063856fce1c94095a8dc16a7c4842e5a",
    "properties": [
        {
            "type": "BackgroundStyle",
            "value": "Solid"
        },
        {
            "type": "BackgroundColor",
            "value": "#ff0000"
        },
        {
            "type": "StrokeStyle",
            "value": "Solid"
        },
        {
            "type": "Opacity",
            "value": 255
        },
        {
            "type": "StrokeColor",
            "value": "#0000ff"
        },
        {
            "type": "StrokeWidth",
            "value": 5
        }
    ],
    "start": {
        "x": 0.2,
        "y": 5
    },
    "transform": {
        "m11": 1,
        "m12": 0,
        "m13": 0,
        "m21": 0,
        "m22": 1,
        "m23": 0,
        "m31": 0,
        "m32": 0,
        "m33": 1
    },
    "type": "DIAMOND",
    "zorder": "7"
}
