{
    "properties": [
        {
            "type": "FontSize",
            "value": 10
        },
        {
            "type": "Opacity",
            "value": 255
        },
        {
            "type": "StrokeColor",
            "value": "#ff0000"
        }
    ],
    "text": "",
    "top_left": {
        "x": 0,
        "y": 0
    },
    "transform": {
        "m11": 1,
        "m12": 0,
        "m13": 0,
        "m21": 0,
        "m22": 1,
        "m23": 0,
        "m31": 0,
        "m32": 0,
        "m33": 1
    },
    "type": "TEXT"
}
