{
    "end": {
        "x": 8,
        "y": 7.5
    },
    "endArrow": "Arrow",
    "id": "4d8b0fe427a143a4b553399816007640",
    "locked": true,
    "properties": [
        {
            "type": "StrokeStyle",
            "value": "DashLine"
        },
        {
            "type": "Opacity",
            "value": 255
        },
        {
            "type": "StrokeColor",
            "value": "#0000ff"
        },
        {
            "type": "StrokeWidth",
            "value": 5
        }
    ],
    "start": {
        "x": 0.7,
        "y": 5
    },
    "startArrow": "None",
    "transform": {
        "m11": 1,
        "m12": 0,
        "m13": 0,
        "m21": 0,
        "m22": 1,
        "m23": 0,
        "m31": 0,
        "m32": 0,
        "m33": 1
    },
    "type": "ARROW"
}
