{
    "end": {
        "x": 0,
        "y": 0
    },
    "id": "acff679ae3c14260b56ef00f1d354883",
    "properties": [
        {
            "type": "BackgroundStyle",
            "value": "Solid"
        },
        {
            "type": "BackgroundColor",
            "value": "#00000000"
        },
        {
            "type": "StrokeStyle",
            "value": "Solid"
        },
        {
            "type": "Opacity",
            "value": 255
        },
        {
            "type": "StrokeColor",
            "value": "#000000"
        },
        {
            "type": "StrokeWidth",
            "value": 1
        }
    ],
    "start": {
        "x": 0,
        "y": 0
    },
    "transform": {
        "m11": 1,
        "m12": 0,
        "m13": 0,
        "m21": 0,
        "m22": 1,
        "m23": 0,
        "m31": 0,
        "m32": 0,
        "m33": 1
    },
    "type": "RECTANGLE"
}
